Archive member included to satisfy reference by file (symbol)

c:/program files (x86)/atmel/studio/7.0/toolchain/avr8/avr8-gnu-toolchain/bin/../lib/gcc/avr/4.9.2/../../../../avr/lib/avr6\libm.a(cmpsf2.o)
                              remote.o (__ltsf2)
c:/program files (x86)/atmel/studio/7.0/toolchain/avr8/avr8-gnu-toolchain/bin/../lib/gcc/avr/4.9.2/../../../../avr/lib/avr6\libm.a(floatsisf.o)
                              remote.o (__floatsisf)
c:/program files (x86)/atmel/studio/7.0/toolchain/avr8/avr8-gnu-toolchain/bin/../lib/gcc/avr/4.9.2/../../../../avr/lib/avr6\libm.a(fp_cmp.o)
                              c:/program files (x86)/atmel/studio/7.0/toolchain/avr8/avr8-gnu-toolchain/bin/../lib/gcc/avr/4.9.2/../../../../avr/lib/avr6\libm.a(cmpsf2.o) (__fp_cmp)
c:/program files (x86)/atmel/studio/7.0/toolchain/avr8/avr8-gnu-toolchain/bin/../lib/gcc/avr/4.9.2/../../../../avr/lib/avr6\libm.a(gesf2.o)
                              remote.o (__gtsf2)
c:/program files (x86)/atmel/studio/7.0/toolchain/avr8/avr8-gnu-toolchain/bin/../lib/gcc/avr/4.9.2/avr6\libgcc.a(_exit.o)
                              C:/Program Files (x86)/Atmel/Studio/7.0/Packs/atmel/ATmega_DFP/1.1.130/gcc/dev/atmega2560/avr6/crtatmega2560.o (exit)
c:/program files (x86)/atmel/studio/7.0/toolchain/avr8/avr8-gnu-toolchain/bin/../lib/gcc/avr/4.9.2/avr6\libgcc.a(_tablejump2.o)
                              os.o (__tablejump2__)
c:/program files (x86)/atmel/studio/7.0/toolchain/avr8/avr8-gnu-toolchain/bin/../lib/gcc/avr/4.9.2/avr6\libgcc.a(_clear_bss.o)
                              os.o (__do_clear_bss)
c:/program files (x86)/atmel/studio/7.0/toolchain/avr8/avr8-gnu-toolchain/bin/../lib/gcc/avr/4.9.2/avr6\libgcc.a(_umulhisi3.o)
                              os.o (__umulhisi3)
c:/program files (x86)/atmel/studio/7.0/toolchain/avr8/avr8-gnu-toolchain/bin/../lib/gcc/avr/4.9.2/../../../../avr/lib/avr6\libc.a(atoi.o)
                              remote.o (atoi)
c:/program files (x86)/atmel/studio/7.0/toolchain/avr8/avr8-gnu-toolchain/bin/../lib/gcc/avr/4.9.2/../../../../avr/lib/avr6\libc.a(mul10.o)
                              c:/program files (x86)/atmel/studio/7.0/toolchain/avr8/avr8-gnu-toolchain/bin/../lib/gcc/avr/4.9.2/../../../../avr/lib/avr6\libc.a(atoi.o) (__mulhi_const_10)

Allocating common symbols
Common symbol       size              file

rx_data_in_blue_tooth_buffer
                    0x2               remote.o
current_tilt_angle  0x2               servo/servo.o
current_pan_angle   0x2               servo/servo.o
rx_data_in_roomba_buffer
                    0x2               remote.o
CurrentSp           0x2               os.o
KernelSp            0x2               os.o

Discarded input sections

 .data          0x00000000        0x0 C:/Program Files (x86)/Atmel/Studio/7.0/Packs/atmel/ATmega_DFP/1.1.130/gcc/dev/atmega2560/avr6/crtatmega2560.o
 .bss           0x00000000        0x0 C:/Program Files (x86)/Atmel/Studio/7.0/Packs/atmel/ATmega_DFP/1.1.130/gcc/dev/atmega2560/avr6/crtatmega2560.o
 .data          0x00000000        0x0 cswitch.o
 .bss           0x00000000        0x0 cswitch.o
 .text          0x00000000        0x0 os.o
 .data          0x00000000        0x0 os.o
 .bss           0x00000000        0x0 os.o
 .text.count    0x00000000        0x8 os.o
 .text.OS_Abort
                0x00000000        0x4 os.o
 .text.Task_Create_RR
                0x00000000       0x7c os.o
 .text.Task_Create_Period
                0x00000000       0x8a os.o
 .text.Task_GetArg
                0x00000000       0x12 os.o
 .text.Chan_Init
                0x00000000       0x3a os.o
 .text.Send     0x00000000       0x38 os.o
 .text.Recv     0x00000000       0x48 os.o
 .text.Write    0x00000000       0x38 os.o
 .text.Now      0x00000000       0x4c os.o
 .text          0x00000000        0x0 remote.o
 .data          0x00000000        0x0 remote.o
 .bss           0x00000000        0x0 remote.o
 .text          0x00000000        0x0 roomba/roomba.o
 .data          0x00000000        0x0 roomba/roomba.o
 .bss           0x00000000        0x0 roomba/roomba.o
 .text.roomba_dock
                0x00000000        0x8 roomba/roomba.o
 .text.roomba_power_off
                0x00000000        0x8 roomba/roomba.o
 .text          0x00000000        0x0 servo/servo.o
 .data          0x00000000        0x0 servo/servo.o
 .bss           0x00000000        0x0 servo/servo.o
 .text          0x00000000        0x0 uart/circular_buffer.o
 .data          0x00000000        0x0 uart/circular_buffer.o
 .bss           0x00000000        0x0 uart/circular_buffer.o
 .text          0x00000000        0x0 uart/uart.o
 .data          0x00000000        0x0 uart/uart.o
 .bss           0x00000000        0x0 uart/uart.o
 .text.serial_read_usb
                0x00000000       0x12 uart/uart.o
 .text.serial_write_bt
                0x00000000       0x36 uart/uart.o
 .text.serial_read_roomba
                0x00000000       0x12 uart/uart.o
 .text          0x00000000        0x0 c:/program files (x86)/atmel/studio/7.0/toolchain/avr8/avr8-gnu-toolchain/bin/../lib/gcc/avr/4.9.2/../../../../avr/lib/avr6\libm.a(cmpsf2.o)
 .data          0x00000000        0x0 c:/program files (x86)/atmel/studio/7.0/toolchain/avr8/avr8-gnu-toolchain/bin/../lib/gcc/avr/4.9.2/../../../../avr/lib/avr6\libm.a(cmpsf2.o)
 .bss           0x00000000        0x0 c:/program files (x86)/atmel/studio/7.0/toolchain/avr8/avr8-gnu-toolchain/bin/../lib/gcc/avr/4.9.2/../../../../avr/lib/avr6\libm.a(cmpsf2.o)
 .text          0x00000000        0x0 c:/program files (x86)/atmel/studio/7.0/toolchain/avr8/avr8-gnu-toolchain/bin/../lib/gcc/avr/4.9.2/../../../../avr/lib/avr6\libm.a(floatsisf.o)
 .data          0x00000000        0x0 c:/program files (x86)/atmel/studio/7.0/toolchain/avr8/avr8-gnu-toolchain/bin/../lib/gcc/avr/4.9.2/../../../../avr/lib/avr6\libm.a(floatsisf.o)
 .bss           0x00000000        0x0 c:/program files (x86)/atmel/studio/7.0/toolchain/avr8/avr8-gnu-toolchain/bin/../lib/gcc/avr/4.9.2/../../../../avr/lib/avr6\libm.a(floatsisf.o)
 .text          0x00000000        0x0 c:/program files (x86)/atmel/studio/7.0/toolchain/avr8/avr8-gnu-toolchain/bin/../lib/gcc/avr/4.9.2/../../../../avr/lib/avr6\libm.a(fp_cmp.o)
 .data          0x00000000        0x0 c:/program files (x86)/atmel/studio/7.0/toolchain/avr8/avr8-gnu-toolchain/bin/../lib/gcc/avr/4.9.2/../../../../avr/lib/avr6\libm.a(fp_cmp.o)
 .bss           0x00000000        0x0 c:/program files (x86)/atmel/studio/7.0/toolchain/avr8/avr8-gnu-toolchain/bin/../lib/gcc/avr/4.9.2/../../../../avr/lib/avr6\libm.a(fp_cmp.o)
 .text          0x00000000        0x0 c:/program files (x86)/atmel/studio/7.0/toolchain/avr8/avr8-gnu-toolchain/bin/../lib/gcc/avr/4.9.2/../../../../avr/lib/avr6\libm.a(gesf2.o)
 .data          0x00000000        0x0 c:/program files (x86)/atmel/studio/7.0/toolchain/avr8/avr8-gnu-toolchain/bin/../lib/gcc/avr/4.9.2/../../../../avr/lib/avr6\libm.a(gesf2.o)
 .bss           0x00000000        0x0 c:/program files (x86)/atmel/studio/7.0/toolchain/avr8/avr8-gnu-toolchain/bin/../lib/gcc/avr/4.9.2/../../../../avr/lib/avr6\libm.a(gesf2.o)
 .text          0x00000000        0x0 c:/program files (x86)/atmel/studio/7.0/toolchain/avr8/avr8-gnu-toolchain/bin/../lib/gcc/avr/4.9.2/avr6\libgcc.a(_exit.o)
 .data          0x00000000        0x0 c:/program files (x86)/atmel/studio/7.0/toolchain/avr8/avr8-gnu-toolchain/bin/../lib/gcc/avr/4.9.2/avr6\libgcc.a(_exit.o)
 .bss           0x00000000        0x0 c:/program files (x86)/atmel/studio/7.0/toolchain/avr8/avr8-gnu-toolchain/bin/../lib/gcc/avr/4.9.2/avr6\libgcc.a(_exit.o)
 .text.libgcc.mul
                0x00000000        0x0 c:/program files (x86)/atmel/studio/7.0/toolchain/avr8/avr8-gnu-toolchain/bin/../lib/gcc/avr/4.9.2/avr6\libgcc.a(_exit.o)
 .text.libgcc.div
                0x00000000        0x0 c:/program files (x86)/atmel/studio/7.0/toolchain/avr8/avr8-gnu-toolchain/bin/../lib/gcc/avr/4.9.2/avr6\libgcc.a(_exit.o)
 .text.libgcc   0x00000000        0x0 c:/program files (x86)/atmel/studio/7.0/toolchain/avr8/avr8-gnu-toolchain/bin/../lib/gcc/avr/4.9.2/avr6\libgcc.a(_exit.o)
 .text.libgcc.prologue
                0x00000000        0x0 c:/program files (x86)/atmel/studio/7.0/toolchain/avr8/avr8-gnu-toolchain/bin/../lib/gcc/avr/4.9.2/avr6\libgcc.a(_exit.o)
 .text.libgcc.builtins
                0x00000000        0x0 c:/program files (x86)/atmel/studio/7.0/toolchain/avr8/avr8-gnu-toolchain/bin/../lib/gcc/avr/4.9.2/avr6\libgcc.a(_exit.o)
 .text.libgcc.fmul
                0x00000000        0x0 c:/program files (x86)/atmel/studio/7.0/toolchain/avr8/avr8-gnu-toolchain/bin/../lib/gcc/avr/4.9.2/avr6\libgcc.a(_exit.o)
 .text.libgcc.fixed
                0x00000000        0x0 c:/program files (x86)/atmel/studio/7.0/toolchain/avr8/avr8-gnu-toolchain/bin/../lib/gcc/avr/4.9.2/avr6\libgcc.a(_exit.o)
 .text          0x00000000        0x0 c:/program files (x86)/atmel/studio/7.0/toolchain/avr8/avr8-gnu-toolchain/bin/../lib/gcc/avr/4.9.2/avr6\libgcc.a(_tablejump2.o)
 .data          0x00000000        0x0 c:/program files (x86)/atmel/studio/7.0/toolchain/avr8/avr8-gnu-toolchain/bin/../lib/gcc/avr/4.9.2/avr6\libgcc.a(_tablejump2.o)
 .bss           0x00000000        0x0 c:/program files (x86)/atmel/studio/7.0/toolchain/avr8/avr8-gnu-toolchain/bin/../lib/gcc/avr/4.9.2/avr6\libgcc.a(_tablejump2.o)
 .text.libgcc.mul
                0x00000000        0x0 c:/program files (x86)/atmel/studio/7.0/toolchain/avr8/avr8-gnu-toolchain/bin/../lib/gcc/avr/4.9.2/avr6\libgcc.a(_tablejump2.o)
 .text.libgcc.div
                0x00000000        0x0 c:/program files (x86)/atmel/studio/7.0/toolchain/avr8/avr8-gnu-toolchain/bin/../lib/gcc/avr/4.9.2/avr6\libgcc.a(_tablejump2.o)
 .text.libgcc.prologue
                0x00000000        0x0 c:/program files (x86)/atmel/studio/7.0/toolchain/avr8/avr8-gnu-toolchain/bin/../lib/gcc/avr/4.9.2/avr6\libgcc.a(_tablejump2.o)
 .text.libgcc.builtins
                0x00000000        0x0 c:/program files (x86)/atmel/studio/7.0/toolchain/avr8/avr8-gnu-toolchain/bin/../lib/gcc/avr/4.9.2/avr6\libgcc.a(_tablejump2.o)
 .text.libgcc.fmul
                0x00000000        0x0 c:/program files (x86)/atmel/studio/7.0/toolchain/avr8/avr8-gnu-toolchain/bin/../lib/gcc/avr/4.9.2/avr6\libgcc.a(_tablejump2.o)
 .text.libgcc.fixed
                0x00000000        0x0 c:/program files (x86)/atmel/studio/7.0/toolchain/avr8/avr8-gnu-toolchain/bin/../lib/gcc/avr/4.9.2/avr6\libgcc.a(_tablejump2.o)
 .text          0x00000000        0x0 c:/program files (x86)/atmel/studio/7.0/toolchain/avr8/avr8-gnu-toolchain/bin/../lib/gcc/avr/4.9.2/avr6\libgcc.a(_clear_bss.o)
 .data          0x00000000        0x0 c:/program files (x86)/atmel/studio/7.0/toolchain/avr8/avr8-gnu-toolchain/bin/../lib/gcc/avr/4.9.2/avr6\libgcc.a(_clear_bss.o)
 .bss           0x00000000        0x0 c:/program files (x86)/atmel/studio/7.0/toolchain/avr8/avr8-gnu-toolchain/bin/../lib/gcc/avr/4.9.2/avr6\libgcc.a(_clear_bss.o)
 .text.libgcc.mul
                0x00000000        0x0 c:/program files (x86)/atmel/studio/7.0/toolchain/avr8/avr8-gnu-toolchain/bin/../lib/gcc/avr/4.9.2/avr6\libgcc.a(_clear_bss.o)
 .text.libgcc.div
                0x00000000        0x0 c:/program files (x86)/atmel/studio/7.0/toolchain/avr8/avr8-gnu-toolchain/bin/../lib/gcc/avr/4.9.2/avr6\libgcc.a(_clear_bss.o)
 .text.libgcc   0x00000000        0x0 c:/program files (x86)/atmel/studio/7.0/toolchain/avr8/avr8-gnu-toolchain/bin/../lib/gcc/avr/4.9.2/avr6\libgcc.a(_clear_bss.o)
 .text.libgcc.prologue
                0x00000000        0x0 c:/program files (x86)/atmel/studio/7.0/toolchain/avr8/avr8-gnu-toolchain/bin/../lib/gcc/avr/4.9.2/avr6\libgcc.a(_clear_bss.o)
 .text.libgcc.builtins
                0x00000000        0x0 c:/program files (x86)/atmel/studio/7.0/toolchain/avr8/avr8-gnu-toolchain/bin/../lib/gcc/avr/4.9.2/avr6\libgcc.a(_clear_bss.o)
 .text.libgcc.fmul
                0x00000000        0x0 c:/program files (x86)/atmel/studio/7.0/toolchain/avr8/avr8-gnu-toolchain/bin/../lib/gcc/avr/4.9.2/avr6\libgcc.a(_clear_bss.o)
 .text.libgcc.fixed
                0x00000000        0x0 c:/program files (x86)/atmel/studio/7.0/toolchain/avr8/avr8-gnu-toolchain/bin/../lib/gcc/avr/4.9.2/avr6\libgcc.a(_clear_bss.o)
 .text          0x00000000        0x0 c:/program files (x86)/atmel/studio/7.0/toolchain/avr8/avr8-gnu-toolchain/bin/../lib/gcc/avr/4.9.2/avr6\libgcc.a(_umulhisi3.o)
 .data          0x00000000        0x0 c:/program files (x86)/atmel/studio/7.0/toolchain/avr8/avr8-gnu-toolchain/bin/../lib/gcc/avr/4.9.2/avr6\libgcc.a(_umulhisi3.o)
 .bss           0x00000000        0x0 c:/program files (x86)/atmel/studio/7.0/toolchain/avr8/avr8-gnu-toolchain/bin/../lib/gcc/avr/4.9.2/avr6\libgcc.a(_umulhisi3.o)
 .text.libgcc.mul
                0x00000000       0x1e c:/program files (x86)/atmel/studio/7.0/toolchain/avr8/avr8-gnu-toolchain/bin/../lib/gcc/avr/4.9.2/avr6\libgcc.a(_umulhisi3.o)
 .text.libgcc.div
                0x00000000        0x0 c:/program files (x86)/atmel/studio/7.0/toolchain/avr8/avr8-gnu-toolchain/bin/../lib/gcc/avr/4.9.2/avr6\libgcc.a(_umulhisi3.o)
 .text.libgcc   0x00000000        0x0 c:/program files (x86)/atmel/studio/7.0/toolchain/avr8/avr8-gnu-toolchain/bin/../lib/gcc/avr/4.9.2/avr6\libgcc.a(_umulhisi3.o)
 .text.libgcc.prologue
                0x00000000        0x0 c:/program files (x86)/atmel/studio/7.0/toolchain/avr8/avr8-gnu-toolchain/bin/../lib/gcc/avr/4.9.2/avr6\libgcc.a(_umulhisi3.o)
 .text.libgcc.builtins
                0x00000000        0x0 c:/program files (x86)/atmel/studio/7.0/toolchain/avr8/avr8-gnu-toolchain/bin/../lib/gcc/avr/4.9.2/avr6\libgcc.a(_umulhisi3.o)
 .text.libgcc.fmul
                0x00000000        0x0 c:/program files (x86)/atmel/studio/7.0/toolchain/avr8/avr8-gnu-toolchain/bin/../lib/gcc/avr/4.9.2/avr6\libgcc.a(_umulhisi3.o)
 .text.libgcc.fixed
                0x00000000        0x0 c:/program files (x86)/atmel/studio/7.0/toolchain/avr8/avr8-gnu-toolchain/bin/../lib/gcc/avr/4.9.2/avr6\libgcc.a(_umulhisi3.o)
 .text          0x00000000        0x0 c:/program files (x86)/atmel/studio/7.0/toolchain/avr8/avr8-gnu-toolchain/bin/../lib/gcc/avr/4.9.2/../../../../avr/lib/avr6\libc.a(atoi.o)
 .data          0x00000000        0x0 c:/program files (x86)/atmel/studio/7.0/toolchain/avr8/avr8-gnu-toolchain/bin/../lib/gcc/avr/4.9.2/../../../../avr/lib/avr6\libc.a(atoi.o)
 .bss           0x00000000        0x0 c:/program files (x86)/atmel/studio/7.0/toolchain/avr8/avr8-gnu-toolchain/bin/../lib/gcc/avr/4.9.2/../../../../avr/lib/avr6\libc.a(atoi.o)
 .text          0x00000000        0x0 c:/program files (x86)/atmel/studio/7.0/toolchain/avr8/avr8-gnu-toolchain/bin/../lib/gcc/avr/4.9.2/../../../../avr/lib/avr6\libc.a(mul10.o)
 .data          0x00000000        0x0 c:/program files (x86)/atmel/studio/7.0/toolchain/avr8/avr8-gnu-toolchain/bin/../lib/gcc/avr/4.9.2/../../../../avr/lib/avr6\libc.a(mul10.o)
 .bss           0x00000000        0x0 c:/program files (x86)/atmel/studio/7.0/toolchain/avr8/avr8-gnu-toolchain/bin/../lib/gcc/avr/4.9.2/../../../../avr/lib/avr6\libc.a(mul10.o)

Memory Configuration

Name             Origin             Length             Attributes
text             0x00000000         0x00100000         xr
data             0x00800200         0x0000fe00         rw !x
eeprom           0x00810000         0x00010000         rw !x
fuse             0x00820000         0x00000003         rw !x
lock             0x00830000         0x00000400         rw !x
signature        0x00840000         0x00000400         rw !x
user_signatures  0x00850000         0x00000400         rw !x
*default*        0x00000000         0xffffffff

Linker script and memory map

Address of section .data set to 0x800200
LOAD C:/Program Files (x86)/Atmel/Studio/7.0/Packs/atmel/ATmega_DFP/1.1.130/gcc/dev/atmega2560/avr6/crtatmega2560.o
LOAD cswitch.o
LOAD os.o
LOAD remote.o
LOAD roomba/roomba.o
LOAD servo/servo.o
LOAD uart/circular_buffer.o
LOAD uart/uart.o
START GROUP
LOAD c:/program files (x86)/atmel/studio/7.0/toolchain/avr8/avr8-gnu-toolchain/bin/../lib/gcc/avr/4.9.2/../../../../avr/lib/avr6\libm.a
END GROUP
START GROUP
LOAD c:/program files (x86)/atmel/studio/7.0/toolchain/avr8/avr8-gnu-toolchain/bin/../lib/gcc/avr/4.9.2/avr6\libgcc.a
LOAD c:/program files (x86)/atmel/studio/7.0/toolchain/avr8/avr8-gnu-toolchain/bin/../lib/gcc/avr/4.9.2/../../../../avr/lib/avr6\libm.a
LOAD c:/program files (x86)/atmel/studio/7.0/toolchain/avr8/avr8-gnu-toolchain/bin/../lib/gcc/avr/4.9.2/../../../../avr/lib/avr6\libc.a
LOAD C:/Program Files (x86)/Atmel/Studio/7.0/Packs/atmel/ATmega_DFP/1.1.130/gcc/dev/atmega2560/avr6\libatmega2560.a
END GROUP
                0x00100000                __TEXT_REGION_LENGTH__ = DEFINED (__TEXT_REGION_LENGTH__)?__TEXT_REGION_LENGTH__:0x100000
                0x0000fe00                __DATA_REGION_LENGTH__ = DEFINED (__DATA_REGION_LENGTH__)?__DATA_REGION_LENGTH__:0xfe00
                0x00010000                __EEPROM_REGION_LENGTH__ = DEFINED (__EEPROM_REGION_LENGTH__)?__EEPROM_REGION_LENGTH__:0x10000
                [0x00000003]                __FUSE_REGION_LENGTH__ = DEFINED (__FUSE_REGION_LENGTH__)?__FUSE_REGION_LENGTH__:0x400
                0x00000400                __LOCK_REGION_LENGTH__ = DEFINED (__LOCK_REGION_LENGTH__)?__LOCK_REGION_LENGTH__:0x400
                0x00000400                __SIGNATURE_REGION_LENGTH__ = DEFINED (__SIGNATURE_REGION_LENGTH__)?__SIGNATURE_REGION_LENGTH__:0x400
                0x00000400                __USER_SIGNATURE_REGION_LENGTH__ = DEFINED (__USER_SIGNATURE_REGION_LENGTH__)?__USER_SIGNATURE_REGION_LENGTH__:0x400

.hash
 *(.hash)

.dynsym
 *(.dynsym)

.dynstr
 *(.dynstr)

.gnu.version
 *(.gnu.version)

.gnu.version_d
 *(.gnu.version_d)

.gnu.version_r
 *(.gnu.version_r)

.rel.init
 *(.rel.init)

.rela.init
 *(.rela.init)

.rel.text
 *(.rel.text)
 *(.rel.text.*)
 *(.rel.gnu.linkonce.t*)

.rela.text
 *(.rela.text)
 *(.rela.text.*)
 *(.rela.gnu.linkonce.t*)

.rel.fini
 *(.rel.fini)

.rela.fini
 *(.rela.fini)

.rel.rodata
 *(.rel.rodata)
 *(.rel.rodata.*)
 *(.rel.gnu.linkonce.r*)

.rela.rodata
 *(.rela.rodata)
 *(.rela.rodata.*)
 *(.rela.gnu.linkonce.r*)

.rel.data
 *(.rel.data)
 *(.rel.data.*)
 *(.rel.gnu.linkonce.d*)

.rela.data
 *(.rela.data)
 *(.rela.data.*)
 *(.rela.gnu.linkonce.d*)

.rel.ctors
 *(.rel.ctors)

.rela.ctors
 *(.rela.ctors)

.rel.dtors
 *(.rel.dtors)

.rela.dtors
 *(.rela.dtors)

.rel.got
 *(.rel.got)

.rela.got
 *(.rela.got)

.rel.bss
 *(.rel.bss)

.rela.bss
 *(.rela.bss)

.rel.plt
 *(.rel.plt)

.rela.plt
 *(.rela.plt)

.text           0x00000000     0x18f4
 *(.vectors)
 .vectors       0x00000000       0xe4 C:/Program Files (x86)/Atmel/Studio/7.0/Packs/atmel/ATmega_DFP/1.1.130/gcc/dev/atmega2560/avr6/crtatmega2560.o
                0x00000000                __vector_default
                0x00000000                __vectors
 *(.vectors)
 *(.progmem.gcc*)
 .progmem.gcc_sw_table.OS_Start
                0x000000e4       0x12 os.o
                0x000000f6                . = ALIGN (0x2)
                0x000000f6                __trampolines_start = .
 *(.trampolines)
 .trampolines   0x000000f6        0x0 linker stubs
 *(.trampolines*)
                0x000000f6                __trampolines_end = .
 *libprintf_flt.a:*(.progmem.data)
 *libc.a:*(.progmem.data)
 *(.progmem*)
                0x000000f6                . = ALIGN (0x2)
 *(.jumptables)
 *(.jumptables*)
 *(.lowtext)
 *(.lowtext*)
                0x000000f6                __ctors_start = .
 *(.ctors)
                0x000000f6                __ctors_end = .
                0x000000f6                __dtors_start = .
 *(.dtors)
                0x000000f6                __dtors_end = .
 SORT(*)(.ctors)
 SORT(*)(.dtors)
 *(.init0)
 .init0         0x000000f6        0x0 C:/Program Files (x86)/Atmel/Studio/7.0/Packs/atmel/ATmega_DFP/1.1.130/gcc/dev/atmega2560/avr6/crtatmega2560.o
                0x000000f6                __init
 *(.init0)
 *(.init1)
 *(.init1)
 *(.init2)
 .init2         0x000000f6       0x10 C:/Program Files (x86)/Atmel/Studio/7.0/Packs/atmel/ATmega_DFP/1.1.130/gcc/dev/atmega2560/avr6/crtatmega2560.o
 *(.init2)
 *(.init3)
 *(.init3)
 *(.init4)
 .init4         0x00000106       0x10 c:/program files (x86)/atmel/studio/7.0/toolchain/avr8/avr8-gnu-toolchain/bin/../lib/gcc/avr/4.9.2/avr6\libgcc.a(_clear_bss.o)
                0x00000106                __do_clear_bss
 *(.init4)
 *(.init5)
 *(.init5)
 *(.init6)
 *(.init6)
 *(.init7)
 *(.init7)
 *(.init8)
 *(.init8)
 *(.init9)
 .init9         0x00000116        0x6 C:/Program Files (x86)/Atmel/Studio/7.0/Packs/atmel/ATmega_DFP/1.1.130/gcc/dev/atmega2560/avr6/crtatmega2560.o
 *(.init9)
 *(.text)
 .text          0x0000011c        0x2 C:/Program Files (x86)/Atmel/Studio/7.0/Packs/atmel/ATmega_DFP/1.1.130/gcc/dev/atmega2560/avr6/crtatmega2560.o
                0x0000011c                __vector_22
                0x0000011c                __vector_28
                0x0000011c                __vector_1
                0x0000011c                __vector_32
                0x0000011c                __vector_34
                0x0000011c                __vector_24
                0x0000011c                __vector_12
                0x0000011c                __vector_55
                0x0000011c                __vector_46
                0x0000011c                __bad_interrupt
                0x0000011c                __vector_6
                0x0000011c                __vector_31
                0x0000011c                __vector_35
                0x0000011c                __vector_39
                0x0000011c                __vector_3
                0x0000011c                __vector_23
                0x0000011c                __vector_30
                0x0000011c                __vector_45
                0x0000011c                __vector_25
                0x0000011c                __vector_11
                0x0000011c                __vector_54
                0x0000011c                __vector_13
                0x0000011c                __vector_19
                0x0000011c                __vector_56
                0x0000011c                __vector_7
                0x0000011c                __vector_49
                0x0000011c                __vector_41
                0x0000011c                __vector_43
                0x0000011c                __vector_27
                0x0000011c                __vector_5
                0x0000011c                __vector_33
                0x0000011c                __vector_47
                0x0000011c                __vector_52
                0x0000011c                __vector_37
                0x0000011c                __vector_4
                0x0000011c                __vector_44
                0x0000011c                __vector_51
                0x0000011c                __vector_9
                0x0000011c                __vector_2
                0x0000011c                __vector_21
                0x0000011c                __vector_15
                0x0000011c                __vector_29
                0x0000011c                __vector_40
                0x0000011c                __vector_8
                0x0000011c                __vector_26
                0x0000011c                __vector_48
                0x0000011c                __vector_14
                0x0000011c                __vector_53
                0x0000011c                __vector_10
                0x0000011c                __vector_50
                0x0000011c                __vector_16
                0x0000011c                __vector_18
                0x0000011c                __vector_20
                0x0000011c                __vector_42
 .text          0x0000011e      0x154 cswitch.o
                0x0000011e                Exit_Kernel
                0x0000011e                CSwitch
                0x000001c8                Enter_Kernel
                0x00000272                . = ALIGN (0x2)
 *(.text.*)
 .text.Idle_Task
                0x00000272        0x2 os.o
                0x00000272                Idle_Task
 .text.Task_Terminate
                0x00000274       0x28 os.o
                0x00000274                Task_Terminate
 .text.enqueue  0x0000029c       0x4e os.o
                0x0000029c                enqueue
 .text.dequeue  0x000002ea       0x4e os.o
                0x000002ea                dequeue
 .text.Dispatch
                0x00000338       0xd6 os.o
 .text.setReady
                0x0000040e       0x62 os.o
                0x0000040e                setReady
 .text.Kernel_Create_Task_At
                0x00000470       0xc0 os.o
                0x00000470                Kernel_Create_Task_At
 .text.Kernel_Create_Task
                0x00000530       0xa2 os.o
 .text.Kernel_Chan_Init
                0x000005d2       0x90 os.o
                0x000005d2                Kernel_Chan_Init
 .text.Kernel_Chan_Send
                0x00000662      0x13c os.o
                0x00000662                Kernel_Chan_Send
 .text.Kernel_Chan_Receive
                0x0000079e       0xe6 os.o
                0x0000079e                Kernel_Chan_Receive
 .text.Kernel_Chan_Write
                0x00000884      0x100 os.o
                0x00000884                Kernel_Chan_Write
 .text.OS_Init  0x00000984       0x6a os.o
                0x00000984                OS_Init
 .text.OS_Start
                0x000009ee      0x170 os.o
                0x000009ee                OS_Start
 .text.Task_Create_System
                0x00000b5e       0x7a os.o
                0x00000b5e                Task_Create_System
 .text.Task_Create_Idle
                0x00000bd8       0x84 os.o
                0x00000bd8                Task_Create_Idle
 .text.Task_Next_2
                0x00000c5c       0x28 os.o
                0x00000c5c                Task_Next_2
 .text.Task_Next
                0x00000c84       0x32 os.o
                0x00000c84                Task_Next
 .text.Timer_Init
                0x00000cb6       0x3a os.o
                0x00000cb6                Timer_Init
 .text.Kernel_Tick
                0x00000cf0       0xde os.o
                0x00000cf0                Kernel_Tick
 .text.__vector_17
                0x00000dce       0x5e os.o
                0x00000dce                __vector_17
 .text.Init_Debug_LEDs
                0x00000e2c       0x1c os.o
                0x00000e2c                Init_Debug_LEDs
 .text.main     0x00000e48       0x22 os.o
                0x00000e48                main
 .text.setup    0x00000e6a       0x10 remote.o
                0x00000e6a                setup
 .text.receive_transmission
                0x00000e7a      0x296 remote.o
                0x00000e7a                receive_transmission
 .text.update_laser
                0x00001110       0x46 remote.o
                0x00001110                update_laser
 .text.update_roomba
                0x00001156      0x116 remote.o
                0x00001156                update_roomba
 .text.update_servos
                0x0000126c       0x16 remote.o
                0x0000126c                update_servos
 .text.remote   0x00001282       0x1c remote.o
                0x00001282                remote
 .text.a_main   0x0000129e       0x16 remote.o
                0x0000129e                a_main
 .text.init_roomba
                0x000012b4       0x9c roomba/roomba.o
                0x000012b4                init_roomba
 .text.roomba_drive
                0x00001350       0x2e roomba/roomba.o
                0x00001350                roomba_drive
 .text.init_servos
                0x0000137e       0x64 servo/servo.o
                0x0000137e                init_servos
 .text.adjust_pan_angle
                0x000013e2       0xc4 servo/servo.o
                0x000013e2                adjust_pan_angle
 .text.adjust_tilt_angle
                0x000014a6       0xc4 servo/servo.o
                0x000014a6                adjust_tilt_angle
 .text.Cir_Buf_Init
                0x0000156a       0x18 uart/circular_buffer.o
                0x0000156a                Cir_Buf_Init
 .text.Cir_Buf_Add
                0x00001582       0x54 uart/circular_buffer.o
                0x00001582                Cir_Buf_Add
 .text.Cir_Buf_Read
                0x000015d6       0x4c uart/circular_buffer.o
                0x000015d6                Cir_Buf_Read
 .text.init_uart_usb
                0x00001622       0x22 uart/uart.o
                0x00001622                init_uart_usb
 .text.serial_write_usb
                0x00001644       0x10 uart/uart.o
                0x00001644                serial_write_usb
 .text.init_uart_bt
                0x00001654       0x3a uart/uart.o
                0x00001654                init_uart_bt
 .text.serial_read_bt
                0x0000168e       0x2c uart/uart.o
                0x0000168e                serial_read_bt
 .text.__vector_38
                0x000016ba       0x76 uart/uart.o
                0x000016ba                __vector_38
 .text.__vector_36
                0x00001730       0x62 uart/uart.o
                0x00001730                __vector_36
 .text.init_uart_roomba
                0x00001792       0x22 uart/uart.o
                0x00001792                init_uart_roomba
 .text.serial_write_roomba
                0x000017b4       0x10 uart/uart.o
                0x000017b4                serial_write_roomba
 .text.avr-libc.fplib
                0x000017c4        0x8 c:/program files (x86)/atmel/studio/7.0/toolchain/avr8/avr8-gnu-toolchain/bin/../lib/gcc/avr/4.9.2/../../../../avr/lib/avr6\libm.a(cmpsf2.o)
                0x000017c4                __nesf2
                0x000017c4                __eqsf2
                0x000017c4                __cmpsf2
                0x000017c4                __ltsf2
                0x000017c4                __lesf2
 .text.avr-libc.fplib
                0x000017cc       0x7a c:/program files (x86)/atmel/studio/7.0/toolchain/avr8/avr8-gnu-toolchain/bin/../lib/gcc/avr/4.9.2/../../../../avr/lib/avr6\libm.a(floatsisf.o)
                0x000017cc                __floatunsisf
                0x000017d0                __floatsisf
 .text.avr-libc.fplib
                0x00001846       0x48 c:/program files (x86)/atmel/studio/7.0/toolchain/avr8/avr8-gnu-toolchain/bin/../lib/gcc/avr/4.9.2/../../../../avr/lib/avr6\libm.a(fp_cmp.o)
                0x00001846                __fp_cmp
 .text.avr-libc.fplib
                0x0000188e        0x8 c:/program files (x86)/atmel/studio/7.0/toolchain/avr8/avr8-gnu-toolchain/bin/../lib/gcc/avr/4.9.2/../../../../avr/lib/avr6\libm.a(gesf2.o)
                0x0000188e                __gesf2
                0x0000188e                __gtsf2
 .text.libgcc   0x00001896       0x10 c:/program files (x86)/atmel/studio/7.0/toolchain/avr8/avr8-gnu-toolchain/bin/../lib/gcc/avr/4.9.2/avr6\libgcc.a(_tablejump2.o)
                0x00001896                __tablejump2__
 .text.avr-libc
                0x000018a6       0x3a c:/program files (x86)/atmel/studio/7.0/toolchain/avr8/avr8-gnu-toolchain/bin/../lib/gcc/avr/4.9.2/../../../../avr/lib/avr6\libc.a(atoi.o)
                0x000018a6                atoi
 .text.avr-libc
                0x000018e0       0x10 c:/program files (x86)/atmel/studio/7.0/toolchain/avr8/avr8-gnu-toolchain/bin/../lib/gcc/avr/4.9.2/../../../../avr/lib/avr6\libc.a(mul10.o)
                0x000018e0                __mulhi_const_10
                0x000018f0                . = ALIGN (0x2)
 *(.fini9)
 .fini9         0x000018f0        0x0 c:/program files (x86)/atmel/studio/7.0/toolchain/avr8/avr8-gnu-toolchain/bin/../lib/gcc/avr/4.9.2/avr6\libgcc.a(_exit.o)
                0x000018f0                _exit
                0x000018f0                exit
 *(.fini9)
 *(.fini8)
 *(.fini8)
 *(.fini7)
 *(.fini7)
 *(.fini6)
 *(.fini6)
 *(.fini5)
 *(.fini5)
 *(.fini4)
 *(.fini4)
 *(.fini3)
 *(.fini3)
 *(.fini2)
 *(.fini2)
 *(.fini1)
 *(.fini1)
 *(.fini0)
 .fini0         0x000018f0        0x4 c:/program files (x86)/atmel/studio/7.0/toolchain/avr8/avr8-gnu-toolchain/bin/../lib/gcc/avr/4.9.2/avr6\libgcc.a(_exit.o)
 *(.fini0)
                0x000018f4                _etext = .

.data           0x00800200        0x0 load address 0x000018f4
                [!provide]                PROVIDE (__data_start, .)
 *(.data)
 *(.data*)
 *(.rodata)
 *(.rodata*)
 *(.gnu.linkonce.d*)
                0x00800200                . = ALIGN (0x2)
                0x00800200                _edata = .
                [!provide]                PROVIDE (__data_end, .)

.bss            0x00800200     0x1666
                0x00800200                PROVIDE (__bss_start, .)
 *(.bss)
 *(.bss*)
 .bss.chanCount
                0x00800200        0x2 os.o
 .bss.channels  0x00800202      0x2b0 os.o
 .bss.Tasks     0x008004b2        0x2 os.o
 .bss.KernelActive
                0x008004b4        0x2 os.o
 .bss.NextP     0x008004b6        0x2 os.o
 .bss.Cp        0x008004b8        0x2 os.o
 .bss.current_tick
                0x008004ba        0x2 os.o
                0x008004ba                current_tick
 .bss.ReadyQIdle
                0x008004bc       0x26 os.o
                0x008004bc                ReadyQIdle
 .bss.ReadyQSystem
                0x008004e2       0x26 os.o
                0x008004e2                ReadyQSystem
 .bss.ReadyQTime
                0x00800508       0x26 os.o
                0x00800508                ReadyQTime
 .bss.ReadyQRR  0x0080052e       0x26 os.o
                0x0080052e                ReadyQRR
 .bss.Process   0x00800554     0x1220 os.o
 .bss.laser_target_state
                0x00801774        0x2 remote.o
                0x00801774                laser_target_state
 .bss.laser_state
                0x00801776        0x2 remote.o
                0x00801776                laser_state
 .bss.roomba_current_radius
                0x00801778        0x2 remote.o
                0x00801778                roomba_current_radius
 .bss.roomba_current_speed
                0x0080177a        0x2 remote.o
                0x0080177a                roomba_current_speed
 .bss.roomba_target_radius
                0x0080177c        0x2 remote.o
                0x0080177c                roomba_target_radius
 .bss.roomba_target_speed
                0x0080177e        0x2 remote.o
                0x0080177e                roomba_target_speed
 .bss.tilt_speed
                0x00801780        0x2 remote.o
                0x00801780                tilt_speed
 .bss.pan_speed
                0x00801782        0x2 remote.o
                0x00801782                pan_speed
 .bss.blue_tooth_uart_status
                0x00801784        0x2 uart/uart.o
                0x00801784                blue_tooth_uart_status
 .bss.blue_tooth_tx_buff
                0x00801786       0x6a uart/uart.o
 .bss.blue_tooth_rx_buff
                0x008017f0       0x6a uart/uart.o
 *(COMMON)
 COMMON         0x0080185a        0x4 os.o
                0x0080185a                CurrentSp
                0x0080185c                KernelSp
 COMMON         0x0080185e        0x4 remote.o
                0x0080185e                rx_data_in_blue_tooth_buffer
                0x00801860                rx_data_in_roomba_buffer
 COMMON         0x00801862        0x4 servo/servo.o
                0x00801862                current_tilt_angle
                0x00801864                current_pan_angle
                0x00801866                PROVIDE (__bss_end, .)
                0x000018f4                __data_load_start = LOADADDR (.data)
                0x000018f4                __data_load_end = (__data_load_start + SIZEOF (.data))

.noinit         0x00801866        0x0
                [!provide]                PROVIDE (__noinit_start, .)
 *(.noinit*)
                [!provide]                PROVIDE (__noinit_end, .)
                0x00801866                _end = .
                [!provide]                PROVIDE (__heap_start, .)

.eeprom         0x00810000        0x0
 *(.eeprom*)
                0x00810000                __eeprom_end = .

.fuse
 *(.fuse)
 *(.lfuse)
 *(.hfuse)
 *(.efuse)

.lock
 *(.lock*)

.signature
 *(.signature*)

.user_signatures
 *(.user_signatures*)

.stab
 *(.stab)

.stabstr
 *(.stabstr)

.stab.excl
 *(.stab.excl)

.stab.exclstr
 *(.stab.exclstr)

.stab.index
 *(.stab.index)

.stab.indexstr
 *(.stab.indexstr)

.comment        0x00000000       0x30
 *(.comment)
 .comment       0x00000000       0x30 os.o
                                 0x31 (size before relaxing)
 .comment       0x00000030       0x31 remote.o
 .comment       0x00000030       0x31 roomba/roomba.o
 .comment       0x00000030       0x31 servo/servo.o
 .comment       0x00000030       0x31 uart/circular_buffer.o
 .comment       0x00000030       0x31 uart/uart.o

.note.gnu.avr.deviceinfo
                0x00000000       0x40
 .note.gnu.avr.deviceinfo
                0x00000000       0x40 C:/Program Files (x86)/Atmel/Studio/7.0/Packs/atmel/ATmega_DFP/1.1.130/gcc/dev/atmega2560/avr6/crtatmega2560.o

.note.gnu.build-id
 *(.note.gnu.build-id)

.debug
 *(.debug)

.line
 *(.line)

.debug_srcinfo
 *(.debug_srcinfo)

.debug_sfnames
 *(.debug_sfnames)

.debug_aranges  0x00000000      0x298
 *(.debug_aranges)
 .debug_aranges
                0x00000000       0x20 cswitch.o
 .debug_aranges
                0x00000020      0x120 os.o
 .debug_aranges
                0x00000140       0x50 remote.o
 .debug_aranges
                0x00000190       0x38 roomba/roomba.o
 .debug_aranges
                0x000001c8       0x30 servo/servo.o
 .debug_aranges
                0x000001f8       0x30 uart/circular_buffer.o
 .debug_aranges
                0x00000228       0x70 uart/uart.o

.debug_pubnames
 *(.debug_pubnames)

.debug_info     0x00000000     0x2fac
 *(.debug_info .gnu.linkonce.wi.*)
 .debug_info    0x00000000      0xbbc C:/Program Files (x86)/Atmel/Studio/7.0/Packs/atmel/ATmega_DFP/1.1.130/gcc/dev/atmega2560/avr6/crtatmega2560.o
 .debug_info    0x00000bbc       0x76 cswitch.o
 .debug_info    0x00000c32     0x1342 os.o
 .debug_info    0x00001f74      0x5bd remote.o
 .debug_info    0x00002531      0x3d5 roomba/roomba.o
 .debug_info    0x00002906      0x1a6 servo/servo.o
 .debug_info    0x00002aac      0x17d uart/circular_buffer.o
 .debug_info    0x00002c29      0x383 uart/uart.o

.debug_abbrev   0x00000000     0x157d
 *(.debug_abbrev)
 .debug_abbrev  0x00000000      0xb1a C:/Program Files (x86)/Atmel/Studio/7.0/Packs/atmel/ATmega_DFP/1.1.130/gcc/dev/atmega2560/avr6/crtatmega2560.o
 .debug_abbrev  0x00000b1a       0x14 cswitch.o
 .debug_abbrev  0x00000b2e      0x3d5 os.o
 .debug_abbrev  0x00000f03      0x1ef remote.o
 .debug_abbrev  0x000010f2      0x15b roomba/roomba.o
 .debug_abbrev  0x0000124d       0xa8 servo/servo.o
 .debug_abbrev  0x000012f5       0xeb uart/circular_buffer.o
 .debug_abbrev  0x000013e0      0x19d uart/uart.o

.debug_line     0x00000000     0x1a2a
 *(.debug_line .debug_line.* .debug_line_end)
 .debug_line    0x00000000      0x1f9 C:/Program Files (x86)/Atmel/Studio/7.0/Packs/atmel/ATmega_DFP/1.1.130/gcc/dev/atmega2560/avr6/crtatmega2560.o
 .debug_line    0x000001f9       0xbb cswitch.o
 .debug_line    0x000002b4      0xb8e os.o
 .debug_line    0x00000e42      0x445 remote.o
 .debug_line    0x00001287      0x24e roomba/roomba.o
 .debug_line    0x000014d5      0x1e3 servo/servo.o
 .debug_line    0x000016b8       0xd6 uart/circular_buffer.o
 .debug_line    0x0000178e      0x29c uart/uart.o

.debug_frame    0x00000000      0x768
 *(.debug_frame)
 .debug_frame   0x00000000      0x42c os.o
 .debug_frame   0x0000042c       0xb8 remote.o
 .debug_frame   0x000004e4       0x68 roomba/roomba.o
 .debug_frame   0x0000054c       0x84 servo/servo.o
 .debug_frame   0x000005d0       0x44 uart/circular_buffer.o
 .debug_frame   0x00000614      0x154 uart/uart.o

.debug_str      0x00000000      0xeb8
 *(.debug_str)
 .debug_str     0x00000000      0x3e6 C:/Program Files (x86)/Atmel/Studio/7.0/Packs/atmel/ATmega_DFP/1.1.130/gcc/dev/atmega2560/avr6/crtatmega2560.o
 .debug_str     0x000003e6      0x647 os.o
                                0x6b5 (size before relaxing)
 .debug_str     0x00000a2d      0x24d remote.o
                                0x3e0 (size before relaxing)
 .debug_str     0x00000c7a       0x98 roomba/roomba.o
                                0x260 (size before relaxing)
 .debug_str     0x00000d12       0x90 servo/servo.o
                                0x26a (size before relaxing)
 .debug_str     0x00000da2       0x76 uart/circular_buffer.o
                                0x1df (size before relaxing)
 .debug_str     0x00000e18       0xa0 uart/uart.o
                                0x2fe (size before relaxing)

.debug_loc      0x00000000     0x17f5
 *(.debug_loc)
 .debug_loc     0x00000000     0x1110 os.o
 .debug_loc     0x00001110      0x273 remote.o
 .debug_loc     0x00001383       0x95 roomba/roomba.o
 .debug_loc     0x00001418      0x152 servo/servo.o
 .debug_loc     0x0000156a       0xc9 uart/circular_buffer.o
 .debug_loc     0x00001633      0x1c2 uart/uart.o

.debug_macinfo
 *(.debug_macinfo)

.debug_weaknames
 *(.debug_weaknames)

.debug_funcnames
 *(.debug_funcnames)

.debug_typenames
 *(.debug_typenames)

.debug_varnames
 *(.debug_varnames)

.debug_pubtypes
 *(.debug_pubtypes)

.debug_ranges   0x00000000      0x278
 *(.debug_ranges)
 .debug_ranges  0x00000000      0x170 os.o
 .debug_ranges  0x00000170       0x40 remote.o
 .debug_ranges  0x000001b0       0x28 roomba/roomba.o
 .debug_ranges  0x000001d8       0x20 servo/servo.o
 .debug_ranges  0x000001f8       0x20 uart/circular_buffer.o
 .debug_ranges  0x00000218       0x60 uart/uart.o

.debug_macro
 *(.debug_macro)
OUTPUT(project_3.elf elf32-avr)
LOAD linker stubs
