Archive member included to satisfy reference by file (symbol)

c:/program files (x86)/atmel/studio/7.0/toolchain/avr8/avr8-gnu-toolchain/bin/../lib/gcc/avr/4.9.2/../../../../avr/lib/avr6\libm.a(cmpsf2.o)
                              remote.o (__ltsf2)
c:/program files (x86)/atmel/studio/7.0/toolchain/avr8/avr8-gnu-toolchain/bin/../lib/gcc/avr/4.9.2/../../../../avr/lib/avr6\libm.a(floatsisf.o)
                              remote.o (__floatsisf)
c:/program files (x86)/atmel/studio/7.0/toolchain/avr8/avr8-gnu-toolchain/bin/../lib/gcc/avr/4.9.2/../../../../avr/lib/avr6\libm.a(fp_cmp.o)
                              c:/program files (x86)/atmel/studio/7.0/toolchain/avr8/avr8-gnu-toolchain/bin/../lib/gcc/avr/4.9.2/../../../../avr/lib/avr6\libm.a(cmpsf2.o) (__fp_cmp)
c:/program files (x86)/atmel/studio/7.0/toolchain/avr8/avr8-gnu-toolchain/bin/../lib/gcc/avr/4.9.2/../../../../avr/lib/avr6\libm.a(gesf2.o)
                              remote.o (__gtsf2)
c:/program files (x86)/atmel/studio/7.0/toolchain/avr8/avr8-gnu-toolchain/bin/../lib/gcc/avr/4.9.2/avr6\libgcc.a(_udivmodhi4.o)
                              os.o (__udivmodhi4)
c:/program files (x86)/atmel/studio/7.0/toolchain/avr8/avr8-gnu-toolchain/bin/../lib/gcc/avr/4.9.2/avr6\libgcc.a(_divmodhi4.o)
                              os.o (__divmodhi4)
c:/program files (x86)/atmel/studio/7.0/toolchain/avr8/avr8-gnu-toolchain/bin/../lib/gcc/avr/4.9.2/avr6\libgcc.a(_exit.o)
                              C:/Program Files (x86)/Atmel/Studio/7.0/Packs/atmel/ATmega_DFP/1.1.130/gcc/dev/atmega2560/avr6/crtatmega2560.o (exit)
c:/program files (x86)/atmel/studio/7.0/toolchain/avr8/avr8-gnu-toolchain/bin/../lib/gcc/avr/4.9.2/avr6\libgcc.a(_tablejump2.o)
                              os.o (__tablejump2__)
c:/program files (x86)/atmel/studio/7.0/toolchain/avr8/avr8-gnu-toolchain/bin/../lib/gcc/avr/4.9.2/avr6\libgcc.a(_clear_bss.o)
                              os.o (__do_clear_bss)
c:/program files (x86)/atmel/studio/7.0/toolchain/avr8/avr8-gnu-toolchain/bin/../lib/gcc/avr/4.9.2/../../../../avr/lib/avr6\libc.a(atoi.o)
                              remote.o (atoi)
c:/program files (x86)/atmel/studio/7.0/toolchain/avr8/avr8-gnu-toolchain/bin/../lib/gcc/avr/4.9.2/../../../../avr/lib/avr6\libc.a(mul10.o)
                              c:/program files (x86)/atmel/studio/7.0/toolchain/avr8/avr8-gnu-toolchain/bin/../lib/gcc/avr/4.9.2/../../../../avr/lib/avr6\libc.a(atoi.o) (__mulhi_const_10)

Allocating common symbols
Common symbol       size              file

rx_data_in_blue_tooth_buffer
                    0x2               remote.o
current_tilt_angle  0x2               servo/servo.o
current_pan_angle   0x2               servo/servo.o
rx_data_in_roomba_buffer
                    0x2               remote.o
CurrentSp           0x2               os.o
KernelSp            0x2               os.o

Discarded input sections

 .data          0x00000000        0x0 C:/Program Files (x86)/Atmel/Studio/7.0/Packs/atmel/ATmega_DFP/1.1.130/gcc/dev/atmega2560/avr6/crtatmega2560.o
 .bss           0x00000000        0x0 C:/Program Files (x86)/Atmel/Studio/7.0/Packs/atmel/ATmega_DFP/1.1.130/gcc/dev/atmega2560/avr6/crtatmega2560.o
 .data          0x00000000        0x0 cswitch.o
 .bss           0x00000000        0x0 cswitch.o
 .text          0x00000000        0x0 os.o
 .data          0x00000000        0x0 os.o
 .bss           0x00000000        0x0 os.o
 .text.count    0x00000000        0x8 os.o
 .text.OS_Abort
                0x00000000        0x4 os.o
 .text.Task_Create_RR
                0x00000000       0x7c os.o
 .text.Task_Create_Period
                0x00000000       0x8a os.o
 .text.Task_GetArg
                0x00000000       0x12 os.o
 .text.Chan_Init
                0x00000000       0x3a os.o
 .text.Send     0x00000000       0x38 os.o
 .text.Recv     0x00000000       0x48 os.o
 .text.Write    0x00000000       0x38 os.o
 .text.Now      0x00000000       0x2a os.o
 .text          0x00000000        0x0 remote.o
 .data          0x00000000        0x0 remote.o
 .bss           0x00000000        0x0 remote.o
 .text          0x00000000        0x0 roomba/roomba.o
 .data          0x00000000        0x0 roomba/roomba.o
 .bss           0x00000000        0x0 roomba/roomba.o
 .text.roomba_dock
                0x00000000        0x6 roomba/roomba.o
 .text.roomba_power_off
                0x00000000        0x6 roomba/roomba.o
 .text.roomba_detect_virtual_wall
                0x00000000       0x22 roomba/roomba.o
 .text          0x00000000        0x0 servo/servo.o
 .data          0x00000000        0x0 servo/servo.o
 .bss           0x00000000        0x0 servo/servo.o
 .text          0x00000000        0x0 uart/circular_buffer.o
 .data          0x00000000        0x0 uart/circular_buffer.o
 .bss           0x00000000        0x0 uart/circular_buffer.o
 .text          0x00000000        0x0 uart/uart.o
 .data          0x00000000        0x0 uart/uart.o
 .bss           0x00000000        0x0 uart/uart.o
 .text.serial_read_usb
                0x00000000       0x12 uart/uart.o
 .text.serial_write_bt
                0x00000000       0x36 uart/uart.o
 .bss.roomba_uart_status
                0x00000000        0x2 uart/uart.o
 .text          0x00000000        0x0 c:/program files (x86)/atmel/studio/7.0/toolchain/avr8/avr8-gnu-toolchain/bin/../lib/gcc/avr/4.9.2/../../../../avr/lib/avr6\libm.a(cmpsf2.o)
 .data          0x00000000        0x0 c:/program files (x86)/atmel/studio/7.0/toolchain/avr8/avr8-gnu-toolchain/bin/../lib/gcc/avr/4.9.2/../../../../avr/lib/avr6\libm.a(cmpsf2.o)
 .bss           0x00000000        0x0 c:/program files (x86)/atmel/studio/7.0/toolchain/avr8/avr8-gnu-toolchain/bin/../lib/gcc/avr/4.9.2/../../../../avr/lib/avr6\libm.a(cmpsf2.o)
 .text          0x00000000        0x0 c:/program files (x86)/atmel/studio/7.0/toolchain/avr8/avr8-gnu-toolchain/bin/../lib/gcc/avr/4.9.2/../../../../avr/lib/avr6\libm.a(floatsisf.o)
 .data          0x00000000        0x0 c:/program files (x86)/atmel/studio/7.0/toolchain/avr8/avr8-gnu-toolchain/bin/../lib/gcc/avr/4.9.2/../../../../avr/lib/avr6\libm.a(floatsisf.o)
 .bss           0x00000000        0x0 c:/program files (x86)/atmel/studio/7.0/toolchain/avr8/avr8-gnu-toolchain/bin/../lib/gcc/avr/4.9.2/../../../../avr/lib/avr6\libm.a(floatsisf.o)
 .text          0x00000000        0x0 c:/program files (x86)/atmel/studio/7.0/toolchain/avr8/avr8-gnu-toolchain/bin/../lib/gcc/avr/4.9.2/../../../../avr/lib/avr6\libm.a(fp_cmp.o)
 .data          0x00000000        0x0 c:/program files (x86)/atmel/studio/7.0/toolchain/avr8/avr8-gnu-toolchain/bin/../lib/gcc/avr/4.9.2/../../../../avr/lib/avr6\libm.a(fp_cmp.o)
 .bss           0x00000000        0x0 c:/program files (x86)/atmel/studio/7.0/toolchain/avr8/avr8-gnu-toolchain/bin/../lib/gcc/avr/4.9.2/../../../../avr/lib/avr6\libm.a(fp_cmp.o)
 .text          0x00000000        0x0 c:/program files (x86)/atmel/studio/7.0/toolchain/avr8/avr8-gnu-toolchain/bin/../lib/gcc/avr/4.9.2/../../../../avr/lib/avr6\libm.a(gesf2.o)
 .data          0x00000000        0x0 c:/program files (x86)/atmel/studio/7.0/toolchain/avr8/avr8-gnu-toolchain/bin/../lib/gcc/avr/4.9.2/../../../../avr/lib/avr6\libm.a(gesf2.o)
 .bss           0x00000000        0x0 c:/program files (x86)/atmel/studio/7.0/toolchain/avr8/avr8-gnu-toolchain/bin/../lib/gcc/avr/4.9.2/../../../../avr/lib/avr6\libm.a(gesf2.o)
 .text          0x00000000        0x0 c:/program files (x86)/atmel/studio/7.0/toolchain/avr8/avr8-gnu-toolchain/bin/../lib/gcc/avr/4.9.2/avr6\libgcc.a(_udivmodhi4.o)
 .data          0x00000000        0x0 c:/program files (x86)/atmel/studio/7.0/toolchain/avr8/avr8-gnu-toolchain/bin/../lib/gcc/avr/4.9.2/avr6\libgcc.a(_udivmodhi4.o)
 .bss           0x00000000        0x0 c:/program files (x86)/atmel/studio/7.0/toolchain/avr8/avr8-gnu-toolchain/bin/../lib/gcc/avr/4.9.2/avr6\libgcc.a(_udivmodhi4.o)
 .text.libgcc.mul
                0x00000000        0x0 c:/program files (x86)/atmel/studio/7.0/toolchain/avr8/avr8-gnu-toolchain/bin/../lib/gcc/avr/4.9.2/avr6\libgcc.a(_udivmodhi4.o)
 .text.libgcc   0x00000000        0x0 c:/program files (x86)/atmel/studio/7.0/toolchain/avr8/avr8-gnu-toolchain/bin/../lib/gcc/avr/4.9.2/avr6\libgcc.a(_udivmodhi4.o)
 .text.libgcc.prologue
                0x00000000        0x0 c:/program files (x86)/atmel/studio/7.0/toolchain/avr8/avr8-gnu-toolchain/bin/../lib/gcc/avr/4.9.2/avr6\libgcc.a(_udivmodhi4.o)
 .text.libgcc.builtins
                0x00000000        0x0 c:/program files (x86)/atmel/studio/7.0/toolchain/avr8/avr8-gnu-toolchain/bin/../lib/gcc/avr/4.9.2/avr6\libgcc.a(_udivmodhi4.o)
 .text.libgcc.fmul
                0x00000000        0x0 c:/program files (x86)/atmel/studio/7.0/toolchain/avr8/avr8-gnu-toolchain/bin/../lib/gcc/avr/4.9.2/avr6\libgcc.a(_udivmodhi4.o)
 .text.libgcc.fixed
                0x00000000        0x0 c:/program files (x86)/atmel/studio/7.0/toolchain/avr8/avr8-gnu-toolchain/bin/../lib/gcc/avr/4.9.2/avr6\libgcc.a(_udivmodhi4.o)
 .text          0x00000000        0x0 c:/program files (x86)/atmel/studio/7.0/toolchain/avr8/avr8-gnu-toolchain/bin/../lib/gcc/avr/4.9.2/avr6\libgcc.a(_divmodhi4.o)
 .data          0x00000000        0x0 c:/program files (x86)/atmel/studio/7.0/toolchain/avr8/avr8-gnu-toolchain/bin/../lib/gcc/avr/4.9.2/avr6\libgcc.a(_divmodhi4.o)
 .bss           0x00000000        0x0 c:/program files (x86)/atmel/studio/7.0/toolchain/avr8/avr8-gnu-toolchain/bin/../lib/gcc/avr/4.9.2/avr6\libgcc.a(_divmodhi4.o)
 .text.libgcc.mul
                0x00000000        0x0 c:/program files (x86)/atmel/studio/7.0/toolchain/avr8/avr8-gnu-toolchain/bin/../lib/gcc/avr/4.9.2/avr6\libgcc.a(_divmodhi4.o)
 .text.libgcc   0x00000000        0x0 c:/program files (x86)/atmel/studio/7.0/toolchain/avr8/avr8-gnu-toolchain/bin/../lib/gcc/avr/4.9.2/avr6\libgcc.a(_divmodhi4.o)
 .text.libgcc.prologue
                0x00000000        0x0 c:/program files (x86)/atmel/studio/7.0/toolchain/avr8/avr8-gnu-toolchain/bin/../lib/gcc/avr/4.9.2/avr6\libgcc.a(_divmodhi4.o)
 .text.libgcc.builtins
                0x00000000        0x0 c:/program files (x86)/atmel/studio/7.0/toolchain/avr8/avr8-gnu-toolchain/bin/../lib/gcc/avr/4.9.2/avr6\libgcc.a(_divmodhi4.o)
 .text.libgcc.fmul
                0x00000000        0x0 c:/program files (x86)/atmel/studio/7.0/toolchain/avr8/avr8-gnu-toolchain/bin/../lib/gcc/avr/4.9.2/avr6\libgcc.a(_divmodhi4.o)
 .text.libgcc.fixed
                0x00000000        0x0 c:/program files (x86)/atmel/studio/7.0/toolchain/avr8/avr8-gnu-toolchain/bin/../lib/gcc/avr/4.9.2/avr6\libgcc.a(_divmodhi4.o)
 .text          0x00000000        0x0 c:/program files (x86)/atmel/studio/7.0/toolchain/avr8/avr8-gnu-toolchain/bin/../lib/gcc/avr/4.9.2/avr6\libgcc.a(_exit.o)
 .data          0x00000000        0x0 c:/program files (x86)/atmel/studio/7.0/toolchain/avr8/avr8-gnu-toolchain/bin/../lib/gcc/avr/4.9.2/avr6\libgcc.a(_exit.o)
 .bss           0x00000000        0x0 c:/program files (x86)/atmel/studio/7.0/toolchain/avr8/avr8-gnu-toolchain/bin/../lib/gcc/avr/4.9.2/avr6\libgcc.a(_exit.o)
 .text.libgcc.mul
                0x00000000        0x0 c:/program files (x86)/atmel/studio/7.0/toolchain/avr8/avr8-gnu-toolchain/bin/../lib/gcc/avr/4.9.2/avr6\libgcc.a(_exit.o)
 .text.libgcc.div
                0x00000000        0x0 c:/program files (x86)/atmel/studio/7.0/toolchain/avr8/avr8-gnu-toolchain/bin/../lib/gcc/avr/4.9.2/avr6\libgcc.a(_exit.o)
 .text.libgcc   0x00000000        0x0 c:/program files (x86)/atmel/studio/7.0/toolchain/avr8/avr8-gnu-toolchain/bin/../lib/gcc/avr/4.9.2/avr6\libgcc.a(_exit.o)
 .text.libgcc.prologue
                0x00000000        0x0 c:/program files (x86)/atmel/studio/7.0/toolchain/avr8/avr8-gnu-toolchain/bin/../lib/gcc/avr/4.9.2/avr6\libgcc.a(_exit.o)
 .text.libgcc.builtins
                0x00000000        0x0 c:/program files (x86)/atmel/studio/7.0/toolchain/avr8/avr8-gnu-toolchain/bin/../lib/gcc/avr/4.9.2/avr6\libgcc.a(_exit.o)
 .text.libgcc.fmul
                0x00000000        0x0 c:/program files (x86)/atmel/studio/7.0/toolchain/avr8/avr8-gnu-toolchain/bin/../lib/gcc/avr/4.9.2/avr6\libgcc.a(_exit.o)
 .text.libgcc.fixed
                0x00000000        0x0 c:/program files (x86)/atmel/studio/7.0/toolchain/avr8/avr8-gnu-toolchain/bin/../lib/gcc/avr/4.9.2/avr6\libgcc.a(_exit.o)
 .text          0x00000000        0x0 c:/program files (x86)/atmel/studio/7.0/toolchain/avr8/avr8-gnu-toolchain/bin/../lib/gcc/avr/4.9.2/avr6\libgcc.a(_tablejump2.o)
 .data          0x00000000        0x0 c:/program files (x86)/atmel/studio/7.0/toolchain/avr8/avr8-gnu-toolchain/bin/../lib/gcc/avr/4.9.2/avr6\libgcc.a(_tablejump2.o)
 .bss           0x00000000        0x0 c:/program files (x86)/atmel/studio/7.0/toolchain/avr8/avr8-gnu-toolchain/bin/../lib/gcc/avr/4.9.2/avr6\libgcc.a(_tablejump2.o)
 .text.libgcc.mul
                0x00000000        0x0 c:/program files (x86)/atmel/studio/7.0/toolchain/avr8/avr8-gnu-toolchain/bin/../lib/gcc/avr/4.9.2/avr6\libgcc.a(_tablejump2.o)
 .text.libgcc.div
                0x00000000        0x0 c:/program files (x86)/atmel/studio/7.0/toolchain/avr8/avr8-gnu-toolchain/bin/../lib/gcc/avr/4.9.2/avr6\libgcc.a(_tablejump2.o)
 .text.libgcc.prologue
                0x00000000        0x0 c:/program files (x86)/atmel/studio/7.0/toolchain/avr8/avr8-gnu-toolchain/bin/../lib/gcc/avr/4.9.2/avr6\libgcc.a(_tablejump2.o)
 .text.libgcc.builtins
                0x00000000        0x0 c:/program files (x86)/atmel/studio/7.0/toolchain/avr8/avr8-gnu-toolchain/bin/../lib/gcc/avr/4.9.2/avr6\libgcc.a(_tablejump2.o)
 .text.libgcc.fmul
                0x00000000        0x0 c:/program files (x86)/atmel/studio/7.0/toolchain/avr8/avr8-gnu-toolchain/bin/../lib/gcc/avr/4.9.2/avr6\libgcc.a(_tablejump2.o)
 .text.libgcc.fixed
                0x00000000        0x0 c:/program files (x86)/atmel/studio/7.0/toolchain/avr8/avr8-gnu-toolchain/bin/../lib/gcc/avr/4.9.2/avr6\libgcc.a(_tablejump2.o)
 .text          0x00000000        0x0 c:/program files (x86)/atmel/studio/7.0/toolchain/avr8/avr8-gnu-toolchain/bin/../lib/gcc/avr/4.9.2/avr6\libgcc.a(_clear_bss.o)
 .data          0x00000000        0x0 c:/program files (x86)/atmel/studio/7.0/toolchain/avr8/avr8-gnu-toolchain/bin/../lib/gcc/avr/4.9.2/avr6\libgcc.a(_clear_bss.o)
 .bss           0x00000000        0x0 c:/program files (x86)/atmel/studio/7.0/toolchain/avr8/avr8-gnu-toolchain/bin/../lib/gcc/avr/4.9.2/avr6\libgcc.a(_clear_bss.o)
 .text.libgcc.mul
                0x00000000        0x0 c:/program files (x86)/atmel/studio/7.0/toolchain/avr8/avr8-gnu-toolchain/bin/../lib/gcc/avr/4.9.2/avr6\libgcc.a(_clear_bss.o)
 .text.libgcc.div
                0x00000000        0x0 c:/program files (x86)/atmel/studio/7.0/toolchain/avr8/avr8-gnu-toolchain/bin/../lib/gcc/avr/4.9.2/avr6\libgcc.a(_clear_bss.o)
 .text.libgcc   0x00000000        0x0 c:/program files (x86)/atmel/studio/7.0/toolchain/avr8/avr8-gnu-toolchain/bin/../lib/gcc/avr/4.9.2/avr6\libgcc.a(_clear_bss.o)
 .text.libgcc.prologue
                0x00000000        0x0 c:/program files (x86)/atmel/studio/7.0/toolchain/avr8/avr8-gnu-toolchain/bin/../lib/gcc/avr/4.9.2/avr6\libgcc.a(_clear_bss.o)
 .text.libgcc.builtins
                0x00000000        0x0 c:/program files (x86)/atmel/studio/7.0/toolchain/avr8/avr8-gnu-toolchain/bin/../lib/gcc/avr/4.9.2/avr6\libgcc.a(_clear_bss.o)
 .text.libgcc.fmul
                0x00000000        0x0 c:/program files (x86)/atmel/studio/7.0/toolchain/avr8/avr8-gnu-toolchain/bin/../lib/gcc/avr/4.9.2/avr6\libgcc.a(_clear_bss.o)
 .text.libgcc.fixed
                0x00000000        0x0 c:/program files (x86)/atmel/studio/7.0/toolchain/avr8/avr8-gnu-toolchain/bin/../lib/gcc/avr/4.9.2/avr6\libgcc.a(_clear_bss.o)
 .text          0x00000000        0x0 c:/program files (x86)/atmel/studio/7.0/toolchain/avr8/avr8-gnu-toolchain/bin/../lib/gcc/avr/4.9.2/../../../../avr/lib/avr6\libc.a(atoi.o)
 .data          0x00000000        0x0 c:/program files (x86)/atmel/studio/7.0/toolchain/avr8/avr8-gnu-toolchain/bin/../lib/gcc/avr/4.9.2/../../../../avr/lib/avr6\libc.a(atoi.o)
 .bss           0x00000000        0x0 c:/program files (x86)/atmel/studio/7.0/toolchain/avr8/avr8-gnu-toolchain/bin/../lib/gcc/avr/4.9.2/../../../../avr/lib/avr6\libc.a(atoi.o)
 .text          0x00000000        0x0 c:/program files (x86)/atmel/studio/7.0/toolchain/avr8/avr8-gnu-toolchain/bin/../lib/gcc/avr/4.9.2/../../../../avr/lib/avr6\libc.a(mul10.o)
 .data          0x00000000        0x0 c:/program files (x86)/atmel/studio/7.0/toolchain/avr8/avr8-gnu-toolchain/bin/../lib/gcc/avr/4.9.2/../../../../avr/lib/avr6\libc.a(mul10.o)
 .bss           0x00000000        0x0 c:/program files (x86)/atmel/studio/7.0/toolchain/avr8/avr8-gnu-toolchain/bin/../lib/gcc/avr/4.9.2/../../../../avr/lib/avr6\libc.a(mul10.o)

Memory Configuration

Name             Origin             Length             Attributes
text             0x00000000         0x00100000         xr
data             0x00800200         0x0000fe00         rw !x
eeprom           0x00810000         0x00010000         rw !x
fuse             0x00820000         0x00000003         rw !x
lock             0x00830000         0x00000400         rw !x
signature        0x00840000         0x00000400         rw !x
user_signatures  0x00850000         0x00000400         rw !x
*default*        0x00000000         0xffffffff

Linker script and memory map

Address of section .data set to 0x800200
LOAD C:/Program Files (x86)/Atmel/Studio/7.0/Packs/atmel/ATmega_DFP/1.1.130/gcc/dev/atmega2560/avr6/crtatmega2560.o
LOAD cswitch.o
LOAD os.o
LOAD remote.o
LOAD roomba/roomba.o
LOAD servo/servo.o
LOAD uart/circular_buffer.o
LOAD uart/uart.o
START GROUP
LOAD c:/program files (x86)/atmel/studio/7.0/toolchain/avr8/avr8-gnu-toolchain/bin/../lib/gcc/avr/4.9.2/../../../../avr/lib/avr6\libm.a
END GROUP
START GROUP
LOAD c:/program files (x86)/atmel/studio/7.0/toolchain/avr8/avr8-gnu-toolchain/bin/../lib/gcc/avr/4.9.2/avr6\libgcc.a
LOAD c:/program files (x86)/atmel/studio/7.0/toolchain/avr8/avr8-gnu-toolchain/bin/../lib/gcc/avr/4.9.2/../../../../avr/lib/avr6\libm.a
LOAD c:/program files (x86)/atmel/studio/7.0/toolchain/avr8/avr8-gnu-toolchain/bin/../lib/gcc/avr/4.9.2/../../../../avr/lib/avr6\libc.a
LOAD C:/Program Files (x86)/Atmel/Studio/7.0/Packs/atmel/ATmega_DFP/1.1.130/gcc/dev/atmega2560/avr6\libatmega2560.a
END GROUP
                0x00100000                __TEXT_REGION_LENGTH__ = DEFINED (__TEXT_REGION_LENGTH__)?__TEXT_REGION_LENGTH__:0x100000
                0x0000fe00                __DATA_REGION_LENGTH__ = DEFINED (__DATA_REGION_LENGTH__)?__DATA_REGION_LENGTH__:0xfe00
                0x00010000                __EEPROM_REGION_LENGTH__ = DEFINED (__EEPROM_REGION_LENGTH__)?__EEPROM_REGION_LENGTH__:0x10000
                [0x00000003]                __FUSE_REGION_LENGTH__ = DEFINED (__FUSE_REGION_LENGTH__)?__FUSE_REGION_LENGTH__:0x400
                0x00000400                __LOCK_REGION_LENGTH__ = DEFINED (__LOCK_REGION_LENGTH__)?__LOCK_REGION_LENGTH__:0x400
                0x00000400                __SIGNATURE_REGION_LENGTH__ = DEFINED (__SIGNATURE_REGION_LENGTH__)?__SIGNATURE_REGION_LENGTH__:0x400
                0x00000400                __USER_SIGNATURE_REGION_LENGTH__ = DEFINED (__USER_SIGNATURE_REGION_LENGTH__)?__USER_SIGNATURE_REGION_LENGTH__:0x400

.hash
 *(.hash)

.dynsym
 *(.dynsym)

.dynstr
 *(.dynstr)

.gnu.version
 *(.gnu.version)

.gnu.version_d
 *(.gnu.version_d)

.gnu.version_r
 *(.gnu.version_r)

.rel.init
 *(.rel.init)

.rela.init
 *(.rela.init)

.rel.text
 *(.rel.text)
 *(.rel.text.*)
 *(.rel.gnu.linkonce.t*)

.rela.text
 *(.rela.text)
 *(.rela.text.*)
 *(.rela.gnu.linkonce.t*)

.rel.fini
 *(.rel.fini)

.rela.fini
 *(.rela.fini)

.rel.rodata
 *(.rel.rodata)
 *(.rel.rodata.*)
 *(.rel.gnu.linkonce.r*)

.rela.rodata
 *(.rela.rodata)
 *(.rela.rodata.*)
 *(.rela.gnu.linkonce.r*)

.rel.data
 *(.rel.data)
 *(.rel.data.*)
 *(.rel.gnu.linkonce.d*)

.rela.data
 *(.rela.data)
 *(.rela.data.*)
 *(.rela.gnu.linkonce.d*)

.rel.ctors
 *(.rel.ctors)

.rela.ctors
 *(.rela.ctors)

.rel.dtors
 *(.rel.dtors)

.rela.dtors
 *(.rela.dtors)

.rel.got
 *(.rel.got)

.rela.got
 *(.rela.got)

.rel.bss
 *(.rel.bss)

.rela.bss
 *(.rela.bss)

.rel.plt
 *(.rel.plt)

.rela.plt
 *(.rela.plt)

.text           0x00000000     0x187c
 *(.vectors)
 .vectors       0x00000000       0xe4 C:/Program Files (x86)/Atmel/Studio/7.0/Packs/atmel/ATmega_DFP/1.1.130/gcc/dev/atmega2560/avr6/crtatmega2560.o
                0x00000000                __vector_default
                0x00000000                __vectors
 *(.vectors)
 *(.progmem.gcc*)
 .progmem.gcc_sw_table.OS_Start
                0x000000e4       0x12 os.o
                0x000000f6                . = ALIGN (0x2)
                0x000000f6                __trampolines_start = .
 *(.trampolines)
 .trampolines   0x000000f6        0x0 linker stubs
 *(.trampolines*)
                0x000000f6                __trampolines_end = .
 *libprintf_flt.a:*(.progmem.data)
 *libc.a:*(.progmem.data)
 *(.progmem*)
                0x000000f6                . = ALIGN (0x2)
 *(.jumptables)
 *(.jumptables*)
 *(.lowtext)
 *(.lowtext*)
                0x000000f6                __ctors_start = .
 *(.ctors)
                0x000000f6                __ctors_end = .
                0x000000f6                __dtors_start = .
 *(.dtors)
                0x000000f6                __dtors_end = .
 SORT(*)(.ctors)
 SORT(*)(.dtors)
 *(.init0)
 .init0         0x000000f6        0x0 C:/Program Files (x86)/Atmel/Studio/7.0/Packs/atmel/ATmega_DFP/1.1.130/gcc/dev/atmega2560/avr6/crtatmega2560.o
                0x000000f6                __init
 *(.init0)
 *(.init1)
 *(.init1)
 *(.init2)
 .init2         0x000000f6       0x10 C:/Program Files (x86)/Atmel/Studio/7.0/Packs/atmel/ATmega_DFP/1.1.130/gcc/dev/atmega2560/avr6/crtatmega2560.o
 *(.init2)
 *(.init3)
 *(.init3)
 *(.init4)
 .init4         0x00000106       0x10 c:/program files (x86)/atmel/studio/7.0/toolchain/avr8/avr8-gnu-toolchain/bin/../lib/gcc/avr/4.9.2/avr6\libgcc.a(_clear_bss.o)
                0x00000106                __do_clear_bss
 *(.init4)
 *(.init5)
 *(.init5)
 *(.init6)
 *(.init6)
 *(.init7)
 *(.init7)
 *(.init8)
 *(.init8)
 *(.init9)
 .init9         0x00000116        0x6 C:/Program Files (x86)/Atmel/Studio/7.0/Packs/atmel/ATmega_DFP/1.1.130/gcc/dev/atmega2560/avr6/crtatmega2560.o
 *(.init9)
 *(.text)
 .text          0x0000011c        0x2 C:/Program Files (x86)/Atmel/Studio/7.0/Packs/atmel/ATmega_DFP/1.1.130/gcc/dev/atmega2560/avr6/crtatmega2560.o
                0x0000011c                __vector_22
                0x0000011c                __vector_28
                0x0000011c                __vector_1
                0x0000011c                __vector_32
                0x0000011c                __vector_34
                0x0000011c                __vector_24
                0x0000011c                __vector_12
                0x0000011c                __vector_55
                0x0000011c                __vector_46
                0x0000011c                __bad_interrupt
                0x0000011c                __vector_6
                0x0000011c                __vector_31
                0x0000011c                __vector_35
                0x0000011c                __vector_39
                0x0000011c                __vector_3
                0x0000011c                __vector_23
                0x0000011c                __vector_30
                0x0000011c                __vector_45
                0x0000011c                __vector_25
                0x0000011c                __vector_11
                0x0000011c                __vector_54
                0x0000011c                __vector_13
                0x0000011c                __vector_19
                0x0000011c                __vector_56
                0x0000011c                __vector_7
                0x0000011c                __vector_49
                0x0000011c                __vector_41
                0x0000011c                __vector_43
                0x0000011c                __vector_27
                0x0000011c                __vector_5
                0x0000011c                __vector_33
                0x0000011c                __vector_47
                0x0000011c                __vector_52
                0x0000011c                __vector_37
                0x0000011c                __vector_4
                0x0000011c                __vector_44
                0x0000011c                __vector_9
                0x0000011c                __vector_2
                0x0000011c                __vector_21
                0x0000011c                __vector_15
                0x0000011c                __vector_29
                0x0000011c                __vector_40
                0x0000011c                __vector_8
                0x0000011c                __vector_26
                0x0000011c                __vector_48
                0x0000011c                __vector_14
                0x0000011c                __vector_53
                0x0000011c                __vector_10
                0x0000011c                __vector_50
                0x0000011c                __vector_16
                0x0000011c                __vector_18
                0x0000011c                __vector_20
                0x0000011c                __vector_42
 .text          0x0000011e      0x154 cswitch.o
                0x0000011e                Exit_Kernel
                0x0000011e                CSwitch
                0x000001c8                Enter_Kernel
                0x00000272                . = ALIGN (0x2)
 *(.text.*)
 .text.Idle_Task
                0x00000272        0x2 os.o
                0x00000272                Idle_Task
 .text.Task_Terminate
                0x00000274       0x28 os.o
                0x00000274                Task_Terminate
 .text.enqueue  0x0000029c       0x40 os.o
                0x0000029c                enqueue
 .text.dequeue  0x000002dc       0x4c os.o
                0x000002dc                dequeue
 .text.unlikely.Dispatch
                0x00000328       0x76 os.o
 .text.setReady
                0x0000039e       0x5e os.o
                0x0000039e                setReady
 .text.Kernel_Create_Task_At
                0x000003fc       0xc0 os.o
                0x000003fc                Kernel_Create_Task_At
 .text.Kernel_Create_Task
                0x000004bc       0x8a os.o
 .text.Kernel_Chan_Init
                0x00000546       0x90 os.o
                0x00000546                Kernel_Chan_Init
 .text.Kernel_Chan_Send
                0x000005d6       0xfc os.o
                0x000005d6                Kernel_Chan_Send
 .text.Kernel_Chan_Receive
                0x000006d2       0xc4 os.o
                0x000006d2                Kernel_Chan_Receive
 .text.Kernel_Chan_Write
                0x00000796       0xd8 os.o
                0x00000796                Kernel_Chan_Write
 .text.OS_Init  0x0000086e       0x66 os.o
                0x0000086e                OS_Init
 .text.OS_Start
                0x000008d4      0x14a os.o
                0x000008d4                OS_Start
 .text.Task_Create_System
                0x00000a1e       0x7a os.o
                0x00000a1e                Task_Create_System
 .text.Task_Create_Idle
                0x00000a98       0x84 os.o
                0x00000a98                Task_Create_Idle
 .text.Task_Next_2
                0x00000b1c       0x28 os.o
                0x00000b1c                Task_Next_2
 .text.Task_Next
                0x00000b44       0x30 os.o
                0x00000b44                Task_Next
 .text.Timer_Init
                0x00000b74       0x3a os.o
                0x00000b74                Timer_Init
 .text.Kernel_Tick
                0x00000bae       0xc2 os.o
                0x00000bae                Kernel_Tick
 .text.__vector_17
                0x00000c70       0x5e os.o
                0x00000c70                __vector_17
 .text.Init_Debug_LEDs
                0x00000cce       0x1c os.o
                0x00000cce                Init_Debug_LEDs
 .text.startup.main
                0x00000cea       0x22 os.o
                0x00000cea                main
 .text.setup    0x00000d0c        0xe remote.o
                0x00000d0c                setup
 .text.receive_transmission
                0x00000d1a      0x204 remote.o
                0x00000d1a                receive_transmission
 .text.update_laser
                0x00000f1e       0x46 remote.o
                0x00000f1e                update_laser
 .text.update_roomba
                0x00000f64      0x106 remote.o
                0x00000f64                update_roomba
 .text.update_servos
                0x0000106a       0x14 remote.o
                0x0000106a                update_servos
 .text.looper   0x0000107e       0x16 remote.o
                0x0000107e                looper
 .text.collision_detection_and_handling
                0x00001094       0x78 remote.o
                0x00001094                collision_detection_and_handling
 .text.remote   0x0000110c       0x1e remote.o
                0x0000110c                remote
 .text.a_main   0x0000112a       0x14 remote.o
                0x0000112a                a_main
 .text.init_roomba
                0x0000113e       0x9a roomba/roomba.o
                0x0000113e                init_roomba
 .text.roomba_drive
                0x000011d8       0x3a roomba/roomba.o
                0x000011d8                roomba_drive
 .text.roomba_detect_physical_wall
                0x00001212       0x26 roomba/roomba.o
                0x00001212                roomba_detect_physical_wall
 .text.init_servos
                0x00001238       0x64 servo/servo.o
                0x00001238                init_servos
 .text.adjust_pan_angle
                0x0000129c       0xbc servo/servo.o
                0x0000129c                adjust_pan_angle
 .text.adjust_tilt_angle
                0x00001358       0xbc servo/servo.o
                0x00001358                adjust_tilt_angle
 .text.Cir_Buf_Init
                0x00001414       0x18 uart/circular_buffer.o
                0x00001414                Cir_Buf_Init
 .text.Cir_Buf_Add
                0x0000142c       0x48 uart/circular_buffer.o
                0x0000142c                Cir_Buf_Add
 .text.Cir_Buf_Read
                0x00001474       0x50 uart/circular_buffer.o
                0x00001474                Cir_Buf_Read
 .text.init_uart_usb
                0x000014c4       0x22 uart/uart.o
                0x000014c4                init_uart_usb
 .text.serial_write_usb
                0x000014e6        0xe uart/uart.o
                0x000014e6                serial_write_usb
 .text.init_uart_bt
                0x000014f4       0x3a uart/uart.o
                0x000014f4                init_uart_bt
 .text.serial_read_bt
                0x0000152e       0x2a uart/uart.o
                0x0000152e                serial_read_bt
 .text.__vector_38
                0x00001558       0x76 uart/uart.o
                0x00001558                __vector_38
 .text.__vector_36
                0x000015ce       0x62 uart/uart.o
                0x000015ce                __vector_36
 .text.init_uart_roomba
                0x00001630       0x34 uart/uart.o
                0x00001630                init_uart_roomba
 .text.serial_read_roomba
                0x00001664       0x2a uart/uart.o
                0x00001664                serial_read_roomba
 .text.serial_write_roomba
                0x0000168e        0xe uart/uart.o
                0x0000168e                serial_write_roomba
 .text.__vector_51
                0x0000169c       0x62 uart/uart.o
                0x0000169c                __vector_51
 .text.avr-libc.fplib
                0x000016fe        0x8 c:/program files (x86)/atmel/studio/7.0/toolchain/avr8/avr8-gnu-toolchain/bin/../lib/gcc/avr/4.9.2/../../../../avr/lib/avr6\libm.a(cmpsf2.o)
                0x000016fe                __nesf2
                0x000016fe                __eqsf2
                0x000016fe                __cmpsf2
                0x000016fe                __ltsf2
                0x000016fe                __lesf2
 .text.avr-libc.fplib
                0x00001706       0x7a c:/program files (x86)/atmel/studio/7.0/toolchain/avr8/avr8-gnu-toolchain/bin/../lib/gcc/avr/4.9.2/../../../../avr/lib/avr6\libm.a(floatsisf.o)
                0x00001706                __floatunsisf
                0x0000170a                __floatsisf
 .text.avr-libc.fplib
                0x00001780       0x48 c:/program files (x86)/atmel/studio/7.0/toolchain/avr8/avr8-gnu-toolchain/bin/../lib/gcc/avr/4.9.2/../../../../avr/lib/avr6\libm.a(fp_cmp.o)
                0x00001780                __fp_cmp
 .text.avr-libc.fplib
                0x000017c8        0x8 c:/program files (x86)/atmel/studio/7.0/toolchain/avr8/avr8-gnu-toolchain/bin/../lib/gcc/avr/4.9.2/../../../../avr/lib/avr6\libm.a(gesf2.o)
                0x000017c8                __gesf2
                0x000017c8                __gtsf2
 .text.libgcc.div
                0x000017d0       0x28 c:/program files (x86)/atmel/studio/7.0/toolchain/avr8/avr8-gnu-toolchain/bin/../lib/gcc/avr/4.9.2/avr6\libgcc.a(_udivmodhi4.o)
                0x000017d0                __udivmodhi4
 .text.libgcc.div
                0x000017f8       0x26 c:/program files (x86)/atmel/studio/7.0/toolchain/avr8/avr8-gnu-toolchain/bin/../lib/gcc/avr/4.9.2/avr6\libgcc.a(_divmodhi4.o)
                0x000017f8                _div
                0x000017f8                __divmodhi4
 .text.libgcc   0x0000181e       0x10 c:/program files (x86)/atmel/studio/7.0/toolchain/avr8/avr8-gnu-toolchain/bin/../lib/gcc/avr/4.9.2/avr6\libgcc.a(_tablejump2.o)
                0x0000181e                __tablejump2__
 .text.avr-libc
                0x0000182e       0x3a c:/program files (x86)/atmel/studio/7.0/toolchain/avr8/avr8-gnu-toolchain/bin/../lib/gcc/avr/4.9.2/../../../../avr/lib/avr6\libc.a(atoi.o)
                0x0000182e                atoi
 .text.avr-libc
                0x00001868       0x10 c:/program files (x86)/atmel/studio/7.0/toolchain/avr8/avr8-gnu-toolchain/bin/../lib/gcc/avr/4.9.2/../../../../avr/lib/avr6\libc.a(mul10.o)
                0x00001868                __mulhi_const_10
                0x00001878                . = ALIGN (0x2)
 *(.fini9)
 .fini9         0x00001878        0x0 c:/program files (x86)/atmel/studio/7.0/toolchain/avr8/avr8-gnu-toolchain/bin/../lib/gcc/avr/4.9.2/avr6\libgcc.a(_exit.o)
                0x00001878                _exit
                0x00001878                exit
 *(.fini9)
 *(.fini8)
 *(.fini8)
 *(.fini7)
 *(.fini7)
 *(.fini6)
 *(.fini6)
 *(.fini5)
 *(.fini5)
 *(.fini4)
 *(.fini4)
 *(.fini3)
 *(.fini3)
 *(.fini2)
 *(.fini2)
 *(.fini1)
 *(.fini1)
 *(.fini0)
 .fini0         0x00001878        0x4 c:/program files (x86)/atmel/studio/7.0/toolchain/avr8/avr8-gnu-toolchain/bin/../lib/gcc/avr/4.9.2/avr6\libgcc.a(_exit.o)
 *(.fini0)
                0x0000187c                _etext = .

.data           0x00800200        0x0 load address 0x0000187c
                [!provide]                PROVIDE (__data_start, .)
 *(.data)
 *(.data*)
 *(.rodata)
 *(.rodata*)
 *(.gnu.linkonce.d*)
                0x00800200                . = ALIGN (0x2)
                0x00800200                _edata = .
                [!provide]                PROVIDE (__data_end, .)

.bss            0x00800200     0x1b84
                0x00800200                PROVIDE (__bss_start, .)
 *(.bss)
 *(.bss*)
 .bss.chanCount
                0x00800200        0x2 os.o
 .bss.channels  0x00800202      0x2b0 os.o
 .bss.Tasks     0x008004b2        0x2 os.o
 .bss.KernelActive
                0x008004b4        0x2 os.o
 .bss.NextP     0x008004b6        0x2 os.o
 .bss.Cp        0x008004b8        0x2 os.o
 .bss.current_tick
                0x008004ba        0x2 os.o
                0x008004ba                current_tick
 .bss.ReadyQIdle
                0x008004bc       0x26 os.o
                0x008004bc                ReadyQIdle
 .bss.ReadyQSystem
                0x008004e2       0x26 os.o
                0x008004e2                ReadyQSystem
 .bss.ReadyQTime
                0x00800508       0x26 os.o
                0x00800508                ReadyQTime
 .bss.ReadyQRR  0x0080052e       0x26 os.o
                0x0080052e                ReadyQRR
 .bss.Process   0x00800554     0x1220 os.o
 .bss.setting_p
                0x00801774        0x2 remote.o
                0x00801774                setting_p
 .bss.setting_v
                0x00801776        0x2 remote.o
                0x00801776                setting_v
 .bss.laser_target_state
                0x00801778        0x2 remote.o
                0x00801778                laser_target_state
 .bss.laser_state
                0x0080177a        0x2 remote.o
                0x0080177a                laser_state
 .bss.roomba_current_radius
                0x0080177c        0x2 remote.o
                0x0080177c                roomba_current_radius
 .bss.roomba_current_speed
                0x0080177e        0x2 remote.o
                0x0080177e                roomba_current_speed
 .bss.roomba_target_radius
                0x00801780        0x2 remote.o
                0x00801780                roomba_target_radius
 .bss.roomba_target_speed
                0x00801782        0x2 remote.o
                0x00801782                roomba_target_speed
 .bss.tilt_speed
                0x00801784        0x2 remote.o
                0x00801784                tilt_speed
 .bss.pan_speed
                0x00801786        0x2 remote.o
                0x00801786                pan_speed
 .bss.roomba_rx_buff
                0x00801788      0x1fa uart/uart.o
 .bss.blue_tooth_uart_status
                0x00801982        0x2 uart/uart.o
                0x00801982                blue_tooth_uart_status
 .bss.blue_tooth_tx_buff
                0x00801984      0x1fa uart/uart.o
 .bss.blue_tooth_rx_buff
                0x00801b7e      0x1fa uart/uart.o
 *(COMMON)
 COMMON         0x00801d78        0x4 os.o
                0x00801d78                CurrentSp
                0x00801d7a                KernelSp
 COMMON         0x00801d7c        0x4 remote.o
                0x00801d7c                rx_data_in_blue_tooth_buffer
                0x00801d7e                rx_data_in_roomba_buffer
 COMMON         0x00801d80        0x4 servo/servo.o
                0x00801d80                current_tilt_angle
                0x00801d82                current_pan_angle
                0x00801d84                PROVIDE (__bss_end, .)
                0x0000187c                __data_load_start = LOADADDR (.data)
                0x0000187c                __data_load_end = (__data_load_start + SIZEOF (.data))

.noinit         0x00801d84        0x0
                [!provide]                PROVIDE (__noinit_start, .)
 *(.noinit*)
                [!provide]                PROVIDE (__noinit_end, .)
                0x00801d84                _end = .
                [!provide]                PROVIDE (__heap_start, .)

.eeprom         0x00810000        0x0
 *(.eeprom*)
                0x00810000                __eeprom_end = .

.fuse
 *(.fuse)
 *(.lfuse)
 *(.hfuse)
 *(.efuse)

.lock
 *(.lock*)

.signature
 *(.signature*)

.user_signatures
 *(.user_signatures*)

.stab
 *(.stab)

.stabstr
 *(.stabstr)

.stab.excl
 *(.stab.excl)

.stab.exclstr
 *(.stab.exclstr)

.stab.index
 *(.stab.index)

.stab.indexstr
 *(.stab.indexstr)

.comment        0x00000000       0x30
 *(.comment)
 .comment       0x00000000       0x30 os.o
                                 0x31 (size before relaxing)
 .comment       0x00000030       0x31 remote.o
 .comment       0x00000030       0x31 roomba/roomba.o
 .comment       0x00000030       0x31 servo/servo.o
 .comment       0x00000030       0x31 uart/circular_buffer.o
 .comment       0x00000030       0x31 uart/uart.o

.note.gnu.avr.deviceinfo
                0x00000000       0x40
 .note.gnu.avr.deviceinfo
                0x00000000       0x40 C:/Program Files (x86)/Atmel/Studio/7.0/Packs/atmel/ATmega_DFP/1.1.130/gcc/dev/atmega2560/avr6/crtatmega2560.o

.note.gnu.build-id
 *(.note.gnu.build-id)

.debug
 *(.debug)

.line
 *(.line)

.debug_srcinfo
 *(.debug_srcinfo)

.debug_sfnames
 *(.debug_sfnames)

.debug_aranges  0x00000000      0x2c0
 *(.debug_aranges)
 .debug_aranges
                0x00000000       0x20 cswitch.o
 .debug_aranges
                0x00000020      0x120 os.o
 .debug_aranges
                0x00000140       0x60 remote.o
 .debug_aranges
                0x000001a0       0x48 roomba/roomba.o
 .debug_aranges
                0x000001e8       0x30 servo/servo.o
 .debug_aranges
                0x00000218       0x30 uart/circular_buffer.o
 .debug_aranges
                0x00000248       0x78 uart/uart.o

.debug_pubnames
 *(.debug_pubnames)

.debug_info     0x00000000     0x313c
 *(.debug_info .gnu.linkonce.wi.*)
 .debug_info    0x00000000      0xbbc C:/Program Files (x86)/Atmel/Studio/7.0/Packs/atmel/ATmega_DFP/1.1.130/gcc/dev/atmega2560/avr6/crtatmega2560.o
 .debug_info    0x00000bbc       0x76 cswitch.o
 .debug_info    0x00000c32     0x1227 os.o
 .debug_info    0x00001e59      0x71b remote.o
 .debug_info    0x00002574      0x486 roomba/roomba.o
 .debug_info    0x000029fa      0x1a6 servo/servo.o
 .debug_info    0x00002ba0      0x182 uart/circular_buffer.o
 .debug_info    0x00002d22      0x41a uart/uart.o

.debug_abbrev   0x00000000     0x166c
 *(.debug_abbrev)
 .debug_abbrev  0x00000000      0xb1a C:/Program Files (x86)/Atmel/Studio/7.0/Packs/atmel/ATmega_DFP/1.1.130/gcc/dev/atmega2560/avr6/crtatmega2560.o
 .debug_abbrev  0x00000b1a       0x14 cswitch.o
 .debug_abbrev  0x00000b2e      0x3c9 os.o
 .debug_abbrev  0x00000ef7      0x28b remote.o
 .debug_abbrev  0x00001182      0x1ac roomba/roomba.o
 .debug_abbrev  0x0000132e       0xa8 servo/servo.o
 .debug_abbrev  0x000013d6       0xeb uart/circular_buffer.o
 .debug_abbrev  0x000014c1      0x1ab uart/uart.o

.debug_line     0x00000000     0x1b28
 *(.debug_line .debug_line.* .debug_line_end)
 .debug_line    0x00000000      0x1f9 C:/Program Files (x86)/Atmel/Studio/7.0/Packs/atmel/ATmega_DFP/1.1.130/gcc/dev/atmega2560/avr6/crtatmega2560.o
 .debug_line    0x000001f9       0xbb cswitch.o
 .debug_line    0x000002b4      0xb12 os.o
 .debug_line    0x00000dc6      0x52d remote.o
 .debug_line    0x000012f3      0x2c1 roomba/roomba.o
 .debug_line    0x000015b4      0x1e3 servo/servo.o
 .debug_line    0x00001797       0xd0 uart/circular_buffer.o
 .debug_line    0x00001867      0x2c1 uart/uart.o

.debug_frame    0x00000000      0x7e4
 *(.debug_frame)
 .debug_frame   0x00000000      0x418 os.o
 .debug_frame   0x00000418       0xcc remote.o
 .debug_frame   0x000004e4       0x8c roomba/roomba.o
 .debug_frame   0x00000570       0x84 servo/servo.o
 .debug_frame   0x000005f4       0x44 uart/circular_buffer.o
 .debug_frame   0x00000638      0x1ac uart/uart.o

.debug_str      0x00000000      0xf69
 *(.debug_str)
 .debug_str     0x00000000      0x3e6 C:/Program Files (x86)/Atmel/Studio/7.0/Packs/atmel/ATmega_DFP/1.1.130/gcc/dev/atmega2560/avr6/crtatmega2560.o
 .debug_str     0x000003e6      0x647 os.o
                                0x6b5 (size before relaxing)
 .debug_str     0x00000a2d      0x2f6 remote.o
                                0x489 (size before relaxing)
 .debug_str     0x00000d23       0x85 roomba/roomba.o
                                0x2b4 (size before relaxing)
 .debug_str     0x00000da8       0x90 servo/servo.o
                                0x26a (size before relaxing)
 .debug_str     0x00000e38       0x76 uart/circular_buffer.o
                                0x1df (size before relaxing)
 .debug_str     0x00000eae       0xbb uart/uart.o
                                0x32c (size before relaxing)

.debug_loc      0x00000000     0x18e4
 *(.debug_loc)
 .debug_loc     0x00000000     0x1145 os.o
 .debug_loc     0x00001145      0x259 remote.o
 .debug_loc     0x0000139e       0xb9 roomba/roomba.o
 .debug_loc     0x00001457      0x152 servo/servo.o
 .debug_loc     0x000015a9       0xae uart/circular_buffer.o
 .debug_loc     0x00001657      0x28d uart/uart.o

.debug_macinfo
 *(.debug_macinfo)

.debug_weaknames
 *(.debug_weaknames)

.debug_funcnames
 *(.debug_funcnames)

.debug_typenames
 *(.debug_typenames)

.debug_varnames
 *(.debug_varnames)

.debug_pubtypes
 *(.debug_pubtypes)

.debug_ranges   0x00000000      0x2a0
 *(.debug_ranges)
 .debug_ranges  0x00000000      0x170 os.o
 .debug_ranges  0x00000170       0x50 remote.o
 .debug_ranges  0x000001c0       0x38 roomba/roomba.o
 .debug_ranges  0x000001f8       0x20 servo/servo.o
 .debug_ranges  0x00000218       0x20 uart/circular_buffer.o
 .debug_ranges  0x00000238       0x68 uart/uart.o

.debug_macro
 *(.debug_macro)
OUTPUT(project_3.elf elf32-avr)
LOAD linker stubs
